MPLINK 5.09, LINKER
Linker Map File - Created Mon Jun 16 12:28:32 2025

                                 Section Info
                  Section       Type    Address   Location Size(Bytes)
                ---------  ---------  ---------  ---------  ---------
                   .org_0       code   0x000000    program   0x000002
                   .cinit    romdata   0x000001    program   0x000004
                   .org_1       code   0x000004    program   0x000002
                   .org_2       code   0x000005    program   0x000294



                              Program Memory Usage 
                               Start         End      
                           ---------   ---------      
                            0x000000    0x000002      
                            0x000004    0x00014e      
            334 out of 8455 program addresses used, program memory utilization is 3%



                              Symbols - Sorted by Name
                     Name    Address   Location    Storage File                     
                ---------  ---------  ---------  --------- ---------                
       ACTUALIZAR_DISPLAY   0x0000f0    program     static C:\Users\Nico\Desktop\Carpetas\Facu\Digital 2\elec_dig_2\tp_digital2.X\codigo.asm
              BUCLE_RESTA   0x0000f5    program     static C:\Users\Nico\Desktop\Carpetas\Facu\Digital 2\elec_dig_2\tp_digital2.X\codigo.asm
                 DIV_LOOP   0x000069    program     static C:\Users\Nico\Desktop\Carpetas\Facu\Digital 2\elec_dig_2\tp_digital2.X\codigo.asm
           ENVIAR_DIGITOS   0x000070    program     static C:\Users\Nico\Desktop\Carpetas\Facu\Digital 2\elec_dig_2\tp_digital2.X\codigo.asm
              ENVIAR_UART   0x000064    program     static C:\Users\Nico\Desktop\Carpetas\Facu\Digital 2\elec_dig_2\tp_digital2.X\codigo.asm
          ESCANEAR_TECLAS   0x0000b1    program     static C:\Users\Nico\Desktop\Carpetas\Facu\Digital 2\elec_dig_2\tp_digital2.X\codigo.asm
               ESPERO_TX1   0x000073    program     static C:\Users\Nico\Desktop\Carpetas\Facu\Digital 2\elec_dig_2\tp_digital2.X\codigo.asm
               ESPERO_TX2   0x000078    program     static C:\Users\Nico\Desktop\Carpetas\Facu\Digital 2\elec_dig_2\tp_digital2.X\codigo.asm
               ESPERO_TX3   0x00007c    program     static C:\Users\Nico\Desktop\Carpetas\Facu\Digital 2\elec_dig_2\tp_digital2.X\codigo.asm
                FOUND_ROW   0x0000d2    program     static C:\Users\Nico\Desktop\Carpetas\Facu\Digital 2\elec_dig_2\tp_digital2.X\codigo.asm
           GUARDAR_UNIDAD   0x0000fd    program     static C:\Users\Nico\Desktop\Carpetas\Facu\Digital 2\elec_dig_2\tp_digital2.X\codigo.asm
              INICIAR_ADC   0x00005b    program     static C:\Users\Nico\Desktop\Carpetas\Facu\Digital 2\elec_dig_2\tp_digital2.X\codigo.asm
                      ISR   0x000115    program     static C:\Users\Nico\Desktop\Carpetas\Facu\Digital 2\elec_dig_2\tp_digital2.X\codigo.asm
                  ISR_ADC   0x00013f    program     static C:\Users\Nico\Desktop\Carpetas\Facu\Digital 2\elec_dig_2\tp_digital2.X\codigo.asm
                  ISR_RB0   0x000136    program     static C:\Users\Nico\Desktop\Carpetas\Facu\Digital 2\elec_dig_2\tp_digital2.X\codigo.asm
                 ISR_TMR0   0x000125    program     static C:\Users\Nico\Desktop\Carpetas\Facu\Digital 2\elec_dig_2\tp_digital2.X\codigo.asm
                 ISR_TMR1   0x00013c    program     static C:\Users\Nico\Desktop\Carpetas\Facu\Digital 2\elec_dig_2\tp_digital2.X\codigo.asm
          ISR_TRANSMICION   0x000147    program     static C:\Users\Nico\Desktop\Carpetas\Facu\Digital 2\elec_dig_2\tp_digital2.X\codigo.asm
                       L1   0x000104    program     static C:\Users\Nico\Desktop\Carpetas\Facu\Digital 2\elec_dig_2\tp_digital2.X\codigo.asm
                       L2   0x000102    program     static C:\Users\Nico\Desktop\Carpetas\Facu\Digital 2\elec_dig_2\tp_digital2.X\codigo.asm
                     MAIN   0x000005    program     static C:\Users\Nico\Desktop\Carpetas\Facu\Digital 2\elec_dig_2\tp_digital2.X\codigo.asm
                MAIN_LOOP   0x00004a    program     static C:\Users\Nico\Desktop\Carpetas\Facu\Digital 2\elec_dig_2\tp_digital2.X\codigo.asm
            MUX_DISPLAY_1   0x000130    program     static C:\Users\Nico\Desktop\Carpetas\Facu\Digital 2\elec_dig_2\tp_digital2.X\codigo.asm
                 NEXT_COL   0x0000da    program     static C:\Users\Nico\Desktop\Carpetas\Facu\Digital 2\elec_dig_2\tp_digital2.X\codigo.asm
              PREPARAR_TX   0x000061    program     static C:\Users\Nico\Desktop\Carpetas\Facu\Digital 2\elec_dig_2\tp_digital2.X\codigo.asm
             RETARDO_20ms   0x000100    program     static C:\Users\Nico\Desktop\Carpetas\Facu\Digital 2\elec_dig_2\tp_digital2.X\codigo.asm
                    SALIR   0x00014a    program     static C:\Users\Nico\Desktop\Carpetas\Facu\Digital 2\elec_dig_2\tp_digital2.X\codigo.asm
            SCAN_COL_LOOP   0x0000b4    program     static C:\Users\Nico\Desktop\Carpetas\Facu\Digital 2\elec_dig_2\tp_digital2.X\codigo.asm
            SCAN_ROW_LOOP   0x0000c8    program     static C:\Users\Nico\Desktop\Carpetas\Facu\Digital 2\elec_dig_2\tp_digital2.X\codigo.asm
               TABLA_7SEG   0x00010a    program     static C:\Users\Nico\Desktop\Carpetas\Facu\Digital 2\elec_dig_2\tp_digital2.X\codigo.asm
                  TECLADO   0x000080    program     static C:\Users\Nico\Desktop\Carpetas\Facu\Digital 2\elec_dig_2\tp_digital2.X\codigo.asm
    TECLADO_PRIMER_DIGITO   0x0000ad    program     static C:\Users\Nico\Desktop\Carpetas\Facu\Digital 2\elec_dig_2\tp_digital2.X\codigo.asm
   TECLADO_SEGUNDO_DIGITO   0x00009d    program     static C:\Users\Nico\Desktop\Carpetas\Facu\Digital 2\elec_dig_2\tp_digital2.X\codigo.asm
                   TECLAS   0x0000e3    program     static C:\Users\Nico\Desktop\Carpetas\Facu\Digital 2\elec_dig_2\tp_digital2.X\codigo.asm



                              Symbols - Sorted by Address
                     Name    Address   Location    Storage File                     
                ---------  ---------  ---------  --------- ---------                
                     MAIN   0x000005    program     static C:\Users\Nico\Desktop\Carpetas\Facu\Digital 2\elec_dig_2\tp_digital2.X\codigo.asm
                MAIN_LOOP   0x00004a    program     static C:\Users\Nico\Desktop\Carpetas\Facu\Digital 2\elec_dig_2\tp_digital2.X\codigo.asm
              INICIAR_ADC   0x00005b    program     static C:\Users\Nico\Desktop\Carpetas\Facu\Digital 2\elec_dig_2\tp_digital2.X\codigo.asm
              PREPARAR_TX   0x000061    program     static C:\Users\Nico\Desktop\Carpetas\Facu\Digital 2\elec_dig_2\tp_digital2.X\codigo.asm
              ENVIAR_UART   0x000064    program     static C:\Users\Nico\Desktop\Carpetas\Facu\Digital 2\elec_dig_2\tp_digital2.X\codigo.asm
                 DIV_LOOP   0x000069    program     static C:\Users\Nico\Desktop\Carpetas\Facu\Digital 2\elec_dig_2\tp_digital2.X\codigo.asm
           ENVIAR_DIGITOS   0x000070    program     static C:\Users\Nico\Desktop\Carpetas\Facu\Digital 2\elec_dig_2\tp_digital2.X\codigo.asm
               ESPERO_TX1   0x000073    program     static C:\Users\Nico\Desktop\Carpetas\Facu\Digital 2\elec_dig_2\tp_digital2.X\codigo.asm
               ESPERO_TX2   0x000078    program     static C:\Users\Nico\Desktop\Carpetas\Facu\Digital 2\elec_dig_2\tp_digital2.X\codigo.asm
               ESPERO_TX3   0x00007c    program     static C:\Users\Nico\Desktop\Carpetas\Facu\Digital 2\elec_dig_2\tp_digital2.X\codigo.asm
                  TECLADO   0x000080    program     static C:\Users\Nico\Desktop\Carpetas\Facu\Digital 2\elec_dig_2\tp_digital2.X\codigo.asm
   TECLADO_SEGUNDO_DIGITO   0x00009d    program     static C:\Users\Nico\Desktop\Carpetas\Facu\Digital 2\elec_dig_2\tp_digital2.X\codigo.asm
    TECLADO_PRIMER_DIGITO   0x0000ad    program     static C:\Users\Nico\Desktop\Carpetas\Facu\Digital 2\elec_dig_2\tp_digital2.X\codigo.asm
          ESCANEAR_TECLAS   0x0000b1    program     static C:\Users\Nico\Desktop\Carpetas\Facu\Digital 2\elec_dig_2\tp_digital2.X\codigo.asm
            SCAN_COL_LOOP   0x0000b4    program     static C:\Users\Nico\Desktop\Carpetas\Facu\Digital 2\elec_dig_2\tp_digital2.X\codigo.asm
            SCAN_ROW_LOOP   0x0000c8    program     static C:\Users\Nico\Desktop\Carpetas\Facu\Digital 2\elec_dig_2\tp_digital2.X\codigo.asm
                FOUND_ROW   0x0000d2    program     static C:\Users\Nico\Desktop\Carpetas\Facu\Digital 2\elec_dig_2\tp_digital2.X\codigo.asm
                 NEXT_COL   0x0000da    program     static C:\Users\Nico\Desktop\Carpetas\Facu\Digital 2\elec_dig_2\tp_digital2.X\codigo.asm
                   TECLAS   0x0000e3    program     static C:\Users\Nico\Desktop\Carpetas\Facu\Digital 2\elec_dig_2\tp_digital2.X\codigo.asm
       ACTUALIZAR_DISPLAY   0x0000f0    program     static C:\Users\Nico\Desktop\Carpetas\Facu\Digital 2\elec_dig_2\tp_digital2.X\codigo.asm
              BUCLE_RESTA   0x0000f5    program     static C:\Users\Nico\Desktop\Carpetas\Facu\Digital 2\elec_dig_2\tp_digital2.X\codigo.asm
           GUARDAR_UNIDAD   0x0000fd    program     static C:\Users\Nico\Desktop\Carpetas\Facu\Digital 2\elec_dig_2\tp_digital2.X\codigo.asm
             RETARDO_20ms   0x000100    program     static C:\Users\Nico\Desktop\Carpetas\Facu\Digital 2\elec_dig_2\tp_digital2.X\codigo.asm
                       L2   0x000102    program     static C:\Users\Nico\Desktop\Carpetas\Facu\Digital 2\elec_dig_2\tp_digital2.X\codigo.asm
                       L1   0x000104    program     static C:\Users\Nico\Desktop\Carpetas\Facu\Digital 2\elec_dig_2\tp_digital2.X\codigo.asm
               TABLA_7SEG   0x00010a    program     static C:\Users\Nico\Desktop\Carpetas\Facu\Digital 2\elec_dig_2\tp_digital2.X\codigo.asm
                      ISR   0x000115    program     static C:\Users\Nico\Desktop\Carpetas\Facu\Digital 2\elec_dig_2\tp_digital2.X\codigo.asm
                 ISR_TMR0   0x000125    program     static C:\Users\Nico\Desktop\Carpetas\Facu\Digital 2\elec_dig_2\tp_digital2.X\codigo.asm
            MUX_DISPLAY_1   0x000130    program     static C:\Users\Nico\Desktop\Carpetas\Facu\Digital 2\elec_dig_2\tp_digital2.X\codigo.asm
                  ISR_RB0   0x000136    program     static C:\Users\Nico\Desktop\Carpetas\Facu\Digital 2\elec_dig_2\tp_digital2.X\codigo.asm
                 ISR_TMR1   0x00013c    program     static C:\Users\Nico\Desktop\Carpetas\Facu\Digital 2\elec_dig_2\tp_digital2.X\codigo.asm
                  ISR_ADC   0x00013f    program     static C:\Users\Nico\Desktop\Carpetas\Facu\Digital 2\elec_dig_2\tp_digital2.X\codigo.asm
          ISR_TRANSMICION   0x000147    program     static C:\Users\Nico\Desktop\Carpetas\Facu\Digital 2\elec_dig_2\tp_digital2.X\codigo.asm
                    SALIR   0x00014a    program     static C:\Users\Nico\Desktop\Carpetas\Facu\Digital 2\elec_dig_2\tp_digital2.X\codigo.asm


