MPLINK 5.09, LINKER
Linker Map File - Created Thu May 08 11:35:59 2025

                                 Section Info
                  Section       Type    Address   Location Size(Bytes)
                ---------  ---------  ---------  ---------  ---------
                   .org_0       code   0x000000    program   0x000002
                   .cinit    romdata   0x000001    program   0x000004
                   .org_1       code   0x000004    program   0x000006



                              Program Memory Usage 
                               Start         End      
                           ---------   ---------      
                            0x000000    0x000002      
                            0x000004    0x000006      
            6 out of 8455 program addresses used, program memory utilization is 0%



                              Symbols - Sorted by Name
                     Name    Address   Location    Storage File                     
                ---------  ---------  ---------  --------- ---------                
                      IRS   0x000006    program     static C:\Users\Nico\Desktop\Carpetas\Facu\Digital 2\elec_dig_2\tp_digital2.X\codigo.asm
                     MAIN   0x000005    program     static C:\Users\Nico\Desktop\Carpetas\Facu\Digital 2\elec_dig_2\tp_digital2.X\codigo.asm
             _.org_1_0005   0x000005    program     static C:\Users\Nico\Desktop\Carpetas\Facu\Digital 2\elec_dig_2\tp_digital2.X\codigo.asm



                              Symbols - Sorted by Address
                     Name    Address   Location    Storage File                     
                ---------  ---------  ---------  --------- ---------                
                     MAIN   0x000005    program     static C:\Users\Nico\Desktop\Carpetas\Facu\Digital 2\elec_dig_2\tp_digital2.X\codigo.asm
             _.org_1_0005   0x000005    program     static C:\Users\Nico\Desktop\Carpetas\Facu\Digital 2\elec_dig_2\tp_digital2.X\codigo.asm
                      IRS   0x000006    program     static C:\Users\Nico\Desktop\Carpetas\Facu\Digital 2\elec_dig_2\tp_digital2.X\codigo.asm


